// Jest Snapshot v1, https://goo.gl/fbAQLP

exports[`App renders 1`] = `
<DocumentFragment>
  <div
    class="App"
  >
    <header
      class="App-header"
    >
      <p>
        Hello world!
      </p>
    </header>
  </div>
</DocumentFragment>
`;
